// Jest Snapshot v1, https://goo.gl/fbAQLP

exports[`snapshot 1`] = `
<div>
  <div>
    <ul>
      <li>
        <a
          aria-current="page"
          className="active"
          href="/"
          onClick={[Function]}
          style={Object {}}
        >
          Home
        </a>
      </li>
      <li>
        <a
          aria-current={null}
          href="/page1"
          onClick={[Function]}
        >
          Repo
        </a>
      </li>
    </ul>
    <div>
      Home
    </div>
  </div>
</div>
`;
